[backblue.gif]
[fade.gif]
[index.html]
[f006.backblazeb2.com/file/dwiupo/index_files/logo1.png]
[f006.backblazeb2.com/file/dwiupo/index_files/24031204110747621.jpg]
[f006.backblazeb2.com/file/dwiupo/index.html]
[delivery.pealweb.co.za/mljb24uanBnJTI1MjUyMiUyNTI1M0UlMjUyNTBBJTI1MjUzQ3N0eWxlJTI1MjUzRS8qJTI1MjUyMCUy/b3gtc2l6aW5nJTI1MjUzQW/index_files/main.ad300ac0.js]
[delivery.pealweb.co.za/mljb24uanBnJTI1MjUyMiUyNTI1M0UlMjUyNTBBJTI1MjUzQ3N0eWxlJTI1MjUzRS8qJTI1MjUyMCUy/b3gtc2l6aW5nJTI1MjUzQW/index_files/main.css]
[delivery.pealweb.co.za/mljb24uanBnJTI1MjUyMiUyNTI1M0UlMjUyNTBBJTI1MjUzQ3N0eWxlJTI1MjUzRS8qJTI1MjUyMCUy/b3gtc2l6aW5nJTI1MjUzQW/index_files/modules.d7e8b7276297041c77dc.js]
[delivery.pealweb.co.za/mljb24uanBnJTI1MjUyMiUyNTI1M0UlMjUyNTBBJTI1MjUzQ3N0eWxlJTI1MjUzRS8qJTI1MjUyMCUy/b3gtc2l6aW5nJTI1MjUzQW/index_files/chunk.css]
[delivery.pealweb.co.za/mljb24uanBnJTI1MjUyMiUyNTI1M0UlMjUyNTBBJTI1MjUzQ3N0eWxlJTI1MjUzRS8qJTI1MjUyMCUy/b3gtc2l6aW5nJTI1MjUzQW/index_files/modules.60031afbf51fb3e88a5b.js]
[delivery.pealweb.co.za/mljb24uanBnJTI1MjUyMiUyNTI1M0UlMjUyNTBBJTI1MjUzQ3N0eWxlJTI1MjUzRS8qJTI1MjUyMCUy/b3gtc2l6aW5nJTI1MjUzQW/index_files/97133523.js]
